// Vitest Snapshot v1, https://vitest.dev/guide/snapshot.html

exports[`preset extras 1`] = `
"/* layer: default */
.max-size-0{max-width:0;max-height:0;}
.max-size-0_a_5{max-width:0.125rem;max-height:0.125rem;}
.max-size-1{max-width:0.25rem;max-height:0.25rem;}
.max-size-1_a_2{max-width:50%;max-height:50%;}
.max-size-1_a_5{max-width:0.375rem;max-height:0.375rem;}
.max-size-2{max-width:0.5rem;max-height:0.5rem;}
.max-size-auto{max-width:auto;max-height:auto;}
.max-size-full{max-width:100%;max-height:100%;}
.max-size-prose{max-width:65ch;max-height:65ch;}
.max-size-screen{max-width:100vw;max-height:100vh;}
.max-size-sm{max-width:24rem;max-height:24rem;}
.min-size-0{min-width:0;min-height:0;}
.min-size-0_a_5{min-width:0.125rem;min-height:0.125rem;}
.min-size-1{min-width:0.25rem;min-height:0.25rem;}
.min-size-1_a_2{min-width:50%;min-height:50%;}
.min-size-1_a_5{min-width:0.375rem;min-height:0.375rem;}
.min-size-2{min-width:0.5rem;min-height:0.5rem;}
.min-size-auto{min-width:auto;min-height:auto;}
.min-size-full{min-width:100%;min-height:100%;}
.min-size-prose{min-width:65ch;min-height:65ch;}
.min-size-screen{min-width:100vw;min-height:100vh;}
.min-size-sm{min-width:24rem;min-height:24rem;}
.size-0{width:0;height:0;}
.size-0_a_5{width:0.125rem;height:0.125rem;}
.size-1{width:0.25rem;height:0.25rem;}
.size-1_a_2{width:50%;height:50%;}
.size-1_a_5{width:0.375rem;height:0.375rem;}
.size-2{width:0.5rem;height:0.5rem;}
.size-auto{width:auto;height:auto;}
.size-full{width:100%;height:100%;}
.size-prose{width:65ch;height:65ch;}
.size-screen{width:100vw;height:100vh;}
.size-sm{width:24rem;height:24rem;}"
`;

exports[`targets 1`] = `
"/* layer: default */
.border-custom-b{border-color:rgba(var(--custom), 1);}
.border-custom-b_a_0{border-color:rgba(var(--custom), 0);}
.border-custom-b_a_10{border-color:rgba(var(--custom), 0.1);}
.bg-custom-b{background-color:rgba(var(--custom), 1);}
.bg-custom-c{--un-bg-opacity:1;background-color:rgba(var(--custom-c),var(--un-bg-opacity));}
.bg-custom-c_a_10{background-color:rgba(var(--custom-c),0.1);}
.bg-custom-d{background-color:hsl(var(--custom-d), 1);}
.bg-custom-d_a_20{background-color:hsl(var(--custom-d), 0.2);}
.bg-custom-e{--un-bg-opacity:1;background-color:hsla(var(--custom-e),var(--un-bg-opacity));}
.bg-custom-e_a_30{background-color:hsla(var(--custom-e),0.3);}
.bg-custom-f{--un-bg-opacity:1;background-color:lch(var(--custom-f) / var(--un-bg-opacity));}
.bg-custom-f_a__a_var_a_--f-op_a__a_{background-color:lch(var(--custom-f) / var(--f-op));}
.bg-custom-f_a_30{background-color:lch(var(--custom-f) / 0.3);}
.bg-info{--un-bg-opacity:1;background-color:hsla(200.1,100%,54.3%,var(--un-bg-opacity));}
.bg-info_a__a_10_a__a_{background-color:hsla(200.1,100%,54.3%,10%);}
.bg-info_a_10{background-color:hsla(200.1,100%,54.3%,0.1);}
.p-2{padding:0.5rem;}
.p-2_a_5{padding:0.625rem;}
.p-2_a_5em{padding:2.5em;}
.p-2_a_5px{padding:2.5px;}
.p-2_a_5rem{padding:2.5rem;}
.mix-shade-50-c-red-400{--un-text-opacity:1;color:rgba(calc(248 + (0 - 248) * 50 / 100),calc(113 + (0 - 113) * 50 / 100),calc(113 + (0 - 113) * 50 / 100),calc(var(--un-text-opacity) + (1 - var(--un-text-opacity)) * 50 / 100));}
.mix-shift--50-c-red-600{--un-text-opacity:1;color:rgba(calc(220 + (255 - 220) * 50 / 100),calc(38 + (255 - 38) * 50 / 100),calc(38 + (255 - 38) * 50 / 100),calc(var(--un-text-opacity) + (1 - var(--un-text-opacity)) * 50 / 100));}
.mix-shift-50-c-red-600{--un-text-opacity:1;color:rgba(calc(220 + (0 - 220) * 50 / 100),calc(38 + (0 - 38) * 50 / 100),calc(38 + (0 - 38) * 50 / 100),calc(var(--un-text-opacity) + (1 - var(--un-text-opacity)) * 50 / 100));}
.mix-tint-50-c-red-400{--un-text-opacity:1;color:rgba(calc(248 + (255 - 248) * 50 / 100),calc(113 + (255 - 113) * 50 / 100),calc(113 + (255 - 113) * 50 / 100),calc(var(--un-text-opacity) + (1 - var(--un-text-opacity)) * 50 / 100));}
.text-custom-a{color:var(--custom);}
.focus_a_placeholder-red-300:focus::placeholder{--un-placeholder-opacity:1;color:rgba(252,165,165,var(--un-placeholder-opacity));}
.placeholder-inherit::placeholder{color:inherit;}
.placeholder-red-400::placeholder{--un-placeholder-opacity:1;color:rgba(248,113,113,var(--un-placeholder-opacity));}
.hover_a_placeholder-op90:hover::placeholder,
.placeholder-op90::placeholder{--un-placeholder-opacity:0.9;}
.placeholder-opacity-10::placeholder{--un-placeholder-opacity:0.1;}
@media (hover: none) and (pointer: coarse){
.media-touch_a_p-4{padding:1rem;}
}
@media (prefers-reduced-transparency: reduce){
.media-opacity_not_ok_a_opacity-0{opacity:0;}
}"
`;

exports[`targets 2`] = `
"/* layer: default */
.cls.multi,
section{--un-text-opacity:1;color:rgba(156,163,175,var(--un-text-opacity));}
@media (prefers-color-scheme: dark){
.body main{--un-bg-opacity:1;background-color:rgba(255,255,255,var(--un-bg-opacity));}
}
@media (min-width: 768px){
aside{--un-shadow:var(--un-shadow-inset) 0 20px 25px -5px var(--un-shadow-color, rgba(0,0,0,0.1)),var(--un-shadow-inset) 0 8px 10px -6px var(--un-shadow-color, rgba(0,0,0,0.1));box-shadow:var(--un-ring-offset-shadow), var(--un-ring-shadow), var(--un-shadow);}
}"
`;
